/opt/texlive/2020/texmf-dist/bibtex/bst/babelbib/bababbrv-fl.bst
/opt/texlive/2020/texmf-dist/bibtex/bst/babelbib/babplai3.bst
/opt/texlive/2020/texmf-dist/bibtex/bst/babelbib/bababbr3.bst
/opt/texlive/2020/texmf-dist/bibtex/bst/babelbib/babamspl.bst
/opt/texlive/2020/texmf-dist/bibtex/bst/babelbib/babplain-fl.bst
/opt/texlive/2020/texmf-dist/bibtex/bst/babelbib/babplain.bst
/opt/texlive/2020/texmf-dist/bibtex/bst/babelbib/bababbr3-fl.bst
/opt/texlive/2020/texmf-dist/bibtex/bst/babelbib/babalpha.bst
/opt/texlive/2020/texmf-dist/bibtex/bst/babelbib/babplain-lf.bst
/opt/texlive/2020/texmf-dist/bibtex/bst/babelbib/babunsrt-fl.bst
/opt/texlive/2020/texmf-dist/bibtex/bst/babelbib/babunsrt-lf.bst
/opt/texlive/2020/texmf-dist/bibtex/bst/babelbib/babplai3-lf.bst
/opt/texlive/2020/texmf-dist/bibtex/bst/babelbib/babalpha-fl.bst
/opt/texlive/2020/texmf-dist/bibtex/bst/babelbib/bababbr3-lf.bst
/opt/texlive/2020/texmf-dist/bibtex/bst/babelbib/babunsrt.bst
/opt/texlive/2020/texmf-dist/bibtex/bst/babelbib/bababbrv-lf.bst
/opt/texlive/2020/texmf-dist/bibtex/bst/babelbib/babplai3-fl.bst
/opt/texlive/2020/texmf-dist/bibtex/bst/babelbib/babalpha-lf.bst
/opt/texlive/2020/texmf-dist/bibtex/bst/babelbib/bababbrv.bst
/opt/texlive/2020/texmf-dist/bibtex/bst/base/unsrt.bst
/opt/texlive/2020/texmf-dist/bibtex/bst/base/acm.bst
/opt/texlive/2020/texmf-dist/bibtex/bst/base/plain.bst
/opt/texlive/2020/texmf-dist/bibtex/bst/base/alpha.bst
/opt/texlive/2020/texmf-dist/bibtex/bst/base/abbrv.bst
/opt/texlive/2020/texmf-dist/bibtex/bst/base/apalike.bst
/opt/texlive/2020/texmf-dist/bibtex/bst/base/siam.bst
/opt/texlive/2020/texmf-dist/bibtex/bst/base/ieeetr.bst
/opt/texlive/2020/texmf-dist/bibtex/bst/natbib/abbrvnat.bst
/opt/texlive/2020/texmf-dist/bibtex/bst/natbib/plainnat.bst
/opt/texlive/2020/texmf-dist/bibtex/bst/natbib/unsrtnat.bst
/opt/texlive/2020/texmf-dist/bibtex/bst/amscls/amsplain.bst
/opt/texlive/2020/texmf-dist/bibtex/bst/amscls/amsalpha.bst
/opt/texlive/2020/texmf-dist/bibtex/bst/revtex/apsrmp4-2.bst
/opt/texlive/2020/texmf-dist/bibtex/bst/revtex/aipauth4-2.bst
/opt/texlive/2020/texmf-dist/bibtex/bst/revtex/aipnum4-2.bst
/opt/texlive/2020/texmf-dist/bibtex/bst/revtex/apsrev4-2.bst
/opt/texlive/2020/texmf-dist/bibtex/bst/revtex/aapmrev4-2.bst
/opt/texlive/2020/texmf-dist/bibtex/bst/index/xplain.bst
/opt/texlive/2020/texmf-dist/bibtex/bst/index/xagsm.bst
